Product: MDK-ARM Standard 5.10
Component: ARM Compiler 5.04 update 1 (build 49)
Tool: armlink [5040049]

==============================================================================

Section Cross References

    startup_stm32f10x_hd.o(RESET) refers to startup_stm32f10x_hd.o(.text) for Reset_Handler
    startup_stm32f10x_hd.o(RESET) refers to stm32f10x_it.o(.text) for NMI_Handler
    startup_stm32f10x_hd.o(RESET) refers to usart1.o(.text) for USART1_IRQHandler
    startup_stm32f10x_hd.o(.text) refers to startup_stm32f10x_hd.o(STACK) for __initial_sp
    startup_stm32f10x_hd.o(.text) refers to entry.o(.ARM.Collect$$$$00000000) for __main
    main.o(.text) refers to message.o(.text) for mess
    main.o(.text) refers to system_stm32f10x.o(.text) for SystemInit
    main.o(.text) refers to usart1.o(.text) for USART1_Config
    main.o(.text) refers to memseta.o(.text) for __aeabi_memclr4
    main.o(.text) refers to ikunc.o(.text) for dof_IK
    main.o(.text) refers to stm32f10x_usart.o(.text) for USART_SendData
    main.o(.text) refers to site.o(.text) for reacH
    main.o(.text) refers to main.o(.constdata) for .constdata
    main.o(.text) refers to main.o(.data) for i
    usart1.o(.text) refers to misc.o(.text) for NVIC_PriorityGroupConfig
    usart1.o(.text) refers to stm32f10x_rcc.o(.text) for RCC_APB2PeriphClockCmd
    usart1.o(.text) refers to stm32f10x_gpio.o(.text) for GPIO_Init
    usart1.o(.text) refers to stm32f10x_usart.o(.text) for USART_Init
    usart1.o(.text) refers to usart1.o(.bss) for soC
    usart1.o(.text) refers to usart1.o(.data) for p
    usart1.o(.text) refers to main.o(.data) for i
    usart1.o(.text) refers to site.o(.bss) for data
    usart1.o(.text) refers to site.o(.data) for ena
    ikunc.o(.text) refers to fmul.o(.text) for __aeabi_fmul
    ikunc.o(.text) refers to fadd.o(.text) for __aeabi_fsub
    ikunc.o(.text) refers to sqrtf.o(i.sqrtf) for sqrtf
    ikunc.o(.text) refers to atan2f.o(i.atan2f) for atan2f
    ikunc.o(.text) refers to cosf.o(i.cosf) for cosf
    ikunc.o(.text) refers to fdiv.o(.text) for __aeabi_fdiv
    ikunc.o(.text) refers to sinf.o(i.sinf) for sinf
    ikunc.o(.text) refers to tanf.o(i.tanf) for tanf
    ikunc.o(.text) refers to acosf.o(i.acosf) for acosf
    ikunc.o(.text) refers to f2d.o(.text) for __aeabi_f2d
    ikunc.o(.text) refers to dadd.o(.text) for __aeabi_drsub
    ikunc.o(.text) refers to d2f.o(.text) for __aeabi_d2f
    ikunc.o(.text) refers to ddiv.o(.text) for __aeabi_ddiv
    ikunc.o(.text) refers to round.o(i.round) for round
    ikunc.o(.text) refers to dfixi.o(.text) for __aeabi_d2iz
    site.o(.text) refers to usart1.o(.text) for Delay
    site.o(.text) refers to stm32f10x_usart.o(.text) for USART_SendData
    site.o(.text) refers to message.o(.text) for crc16
    site.o(.text) refers to site.o(.constdata) for .constdata
    site.o(.text) refers to site.o(.data) for ena
    site.o(.text) refers to site.o(.bss) for data
    stm32f10x_gpio.o(.text) refers to stm32f10x_rcc.o(.text) for RCC_APB2PeriphResetCmd
    stm32f10x_rcc.o(.text) refers to stm32f10x_rcc.o(.data) for APBAHBPrescTable
    stm32f10x_usart.o(.text) refers to stm32f10x_rcc.o(.text) for RCC_APB2PeriphResetCmd
    acosf.o(i.__softfp_acosf) refers (Special) to iusefp.o(.text) for __I$use$fp
    acosf.o(i.__softfp_acosf) refers to acosf.o(i.acosf) for acosf
    acosf.o(i.acosf) refers (Special) to iusefp.o(.text) for __I$use$fp
    acosf.o(i.acosf) refers to fadd.o(.text) for __aeabi_frsub
    acosf.o(i.acosf) refers to fscalb.o(.text) for __ARM_scalbnf
    acosf.o(i.acosf) refers to sqrtf.o(i.sqrtf) for sqrtf
    acosf.o(i.acosf) refers to fmul.o(.text) for __aeabi_fmul
    acosf.o(i.acosf) refers to errno.o(i.__set_errno) for __set_errno
    acosf.o(i.acosf) refers to fdiv.o(.text) for __aeabi_fdiv
    acosf_x.o(i.____softfp_acosf$lsc) refers (Special) to iusefp.o(.text) for __I$use$fp
    acosf_x.o(i.____softfp_acosf$lsc) refers to acosf_x.o(i.__acosf$lsc) for __acosf$lsc
    acosf_x.o(i.__acosf$lsc) refers (Special) to iusefp.o(.text) for __I$use$fp
    acosf_x.o(i.__acosf$lsc) refers to fadd.o(.text) for __aeabi_frsub
    acosf_x.o(i.__acosf$lsc) refers to fscalb.o(.text) for __ARM_scalbnf
    acosf_x.o(i.__acosf$lsc) refers to sqrtf.o(i.sqrtf) for sqrtf
    acosf_x.o(i.__acosf$lsc) refers to fmul.o(.text) for __aeabi_fmul
    acosf_x.o(i.__acosf$lsc) refers to errno.o(i.__set_errno) for __set_errno
    atan2f.o(i.__softfp_atan2f) refers (Special) to iusefp.o(.text) for __I$use$fp
    atan2f.o(i.__softfp_atan2f) refers to atan2f.o(i.atan2f) for atan2f
    atan2f.o(i.atan2f) refers (Special) to iusefp.o(.text) for __I$use$fp
    atan2f.o(i.atan2f) refers to fdiv.o(.text) for __aeabi_fdiv
    atan2f.o(i.atan2f) refers to fpclassifyf.o(i.__ARM_fpclassifyf) for __ARM_fpclassifyf
    atan2f.o(i.atan2f) refers to funder.o(i.__mathlib_flt_underflow) for __mathlib_flt_underflow
    atan2f.o(i.atan2f) refers to fadd.o(.text) for __aeabi_fsub
    atan2f.o(i.atan2f) refers to fmul.o(.text) for __aeabi_fmul
    atan2f_x.o(i.____softfp_atan2f$lsc) refers (Special) to iusefp.o(.text) for __I$use$fp
    atan2f_x.o(i.____softfp_atan2f$lsc) refers to atan2f_x.o(i.__atan2f$lsc) for __atan2f$lsc
    atan2f_x.o(i.__atan2f$lsc) refers (Special) to iusefp.o(.text) for __I$use$fp
    atan2f_x.o(i.__atan2f$lsc) refers to fdiv.o(.text) for __aeabi_fdiv
    atan2f_x.o(i.__atan2f$lsc) refers to fadd.o(.text) for __aeabi_fsub
    atan2f_x.o(i.__atan2f$lsc) refers to fmul.o(.text) for __aeabi_fmul
    atan2f_x.o(i.__atan2f$lsc) refers to errno.o(i.__set_errno) for __set_errno
    cosf.o(i.__softfp_cosf) refers (Special) to iusefp.o(.text) for __I$use$fp
    cosf.o(i.__softfp_cosf) refers to cosf.o(i.cosf) for cosf
    cosf.o(i.cosf) refers (Special) to iusefp.o(.text) for __I$use$fp
    cosf.o(i.cosf) refers to fmul.o(.text) for __aeabi_fmul
    cosf.o(i.cosf) refers to frnd.o(.text) for _frnd
    cosf.o(i.cosf) refers to ffixi.o(.text) for __aeabi_f2iz
    cosf.o(i.cosf) refers to fadd.o(.text) for __aeabi_frsub
    cosf.o(i.cosf) refers to rredf.o(i.__mathlib_rredf2) for __mathlib_rredf2
    cosf.o(i.cosf) refers to errno.o(i.__set_errno) for __set_errno
    cosf.o(i.cosf) refers to fdiv.o(.text) for __aeabi_fdiv
    cosf.o(i.cosf) refers to fscalb.o(.text) for __ARM_scalbnf
    cosf_x.o(i.____softfp_cosf$lsc) refers (Special) to iusefp.o(.text) for __I$use$fp
    cosf_x.o(i.____softfp_cosf$lsc) refers to cosf_x.o(i.__cosf$lsc) for __cosf$lsc
    cosf_x.o(i.__cosf$lsc) refers (Special) to iusefp.o(.text) for __I$use$fp
    cosf_x.o(i.__cosf$lsc) refers to fmul.o(.text) for __aeabi_fmul
    cosf_x.o(i.__cosf$lsc) refers to frnd.o(.text) for _frnd
    cosf_x.o(i.__cosf$lsc) refers to ffixi.o(.text) for __aeabi_f2iz
    cosf_x.o(i.__cosf$lsc) refers to fadd.o(.text) for __aeabi_frsub
    cosf_x.o(i.__cosf$lsc) refers to rredf.o(i.__mathlib_rredf2) for __mathlib_rredf2
    cosf_x.o(i.__cosf$lsc) refers to errno.o(i.__set_errno) for __set_errno
    cosf_x.o(i.__cosf$lsc) refers to fscalb.o(.text) for __ARM_scalbnf
    round.o(i.round) refers (Special) to iusefp.o(.text) for __I$use$fp
    round.o(i.round) refers to drnd.o(.text) for _drnd
    round.o(i.round) refers to dadd.o(.text) for __aeabi_drsub
    round.o(i.round) refers to cdcmple.o(.text) for __aeabi_cdcmple
    round.o(i.round) refers to cdrcmple.o(.text) for __aeabi_cdrcmple
    sinf.o(i.__softfp_sinf) refers (Special) to iusefp.o(.text) for __I$use$fp
    sinf.o(i.__softfp_sinf) refers to sinf.o(i.sinf) for sinf
    sinf.o(i.sinf) refers (Special) to iusefp.o(.text) for __I$use$fp
    sinf.o(i.sinf) refers to fmul.o(.text) for __aeabi_fmul
    sinf.o(i.sinf) refers to frnd.o(.text) for _frnd
    sinf.o(i.sinf) refers to ffixi.o(.text) for __aeabi_f2iz
    sinf.o(i.sinf) refers to fadd.o(.text) for __aeabi_frsub
    sinf.o(i.sinf) refers to rredf.o(i.__mathlib_rredf2) for __mathlib_rredf2
    sinf.o(i.sinf) refers to fpclassifyf.o(i.__ARM_fpclassifyf) for __ARM_fpclassifyf
    sinf.o(i.sinf) refers to funder.o(i.__mathlib_flt_underflow) for __mathlib_flt_underflow
    sinf.o(i.sinf) refers to errno.o(i.__set_errno) for __set_errno
    sinf.o(i.sinf) refers to fdiv.o(.text) for __aeabi_fdiv
    sinf.o(i.sinf) refers to fscalb.o(.text) for __ARM_scalbnf
    sinf_x.o(i.____softfp_sinf$lsc) refers (Special) to iusefp.o(.text) for __I$use$fp
    sinf_x.o(i.____softfp_sinf$lsc) refers to sinf_x.o(i.__sinf$lsc) for __sinf$lsc
    sinf_x.o(i.__sinf$lsc) refers (Special) to iusefp.o(.text) for __I$use$fp
    sinf_x.o(i.__sinf$lsc) refers to fmul.o(.text) for __aeabi_fmul
    sinf_x.o(i.__sinf$lsc) refers to frnd.o(.text) for _frnd
    sinf_x.o(i.__sinf$lsc) refers to ffixi.o(.text) for __aeabi_f2iz
    sinf_x.o(i.__sinf$lsc) refers to fadd.o(.text) for __aeabi_frsub
    sinf_x.o(i.__sinf$lsc) refers to rredf.o(i.__mathlib_rredf2) for __mathlib_rredf2
    sinf_x.o(i.__sinf$lsc) refers to errno.o(i.__set_errno) for __set_errno
    sinf_x.o(i.__sinf$lsc) refers to fscalb.o(.text) for __ARM_scalbnf
    sqrtf.o(i.__softfp_sqrtf) refers (Special) to iusefp.o(.text) for __I$use$fp
    sqrtf.o(i.__softfp_sqrtf) refers to fsqrt.o(.text) for _fsqrt
    sqrtf.o(i.__softfp_sqrtf) refers to errno.o(i.__set_errno) for __set_errno
    sqrtf.o(i.sqrtf) refers (Special) to iusefp.o(.text) for __I$use$fp
    sqrtf.o(i.sqrtf) refers to fsqrt.o(.text) for _fsqrt
    sqrtf.o(i.sqrtf) refers to errno.o(i.__set_errno) for __set_errno
    sqrtf_x.o(i.____softfp_sqrtf$lsc) refers (Special) to iusefp.o(.text) for __I$use$fp
    sqrtf_x.o(i.____softfp_sqrtf$lsc) refers to errno.o(i.__set_errno) for __set_errno
    sqrtf_x.o(i.____softfp_sqrtf$lsc) refers to fsqrt.o(.text) for _fsqrt
    sqrtf_x.o(i.__sqrtf$lsc) refers (Special) to iusefp.o(.text) for __I$use$fp
    sqrtf_x.o(i.__sqrtf$lsc) refers to errno.o(i.__set_errno) for __set_errno
    sqrtf_x.o(i.__sqrtf$lsc) refers to fsqrt.o(.text) for _fsqrt
    tanf.o(i.__softfp_tanf) refers (Special) to iusefp.o(.text) for __I$use$fp
    tanf.o(i.__softfp_tanf) refers to tanf.o(i.tanf) for tanf
    tanf.o(i.tanf) refers (Special) to iusefp.o(.text) for __I$use$fp
    tanf.o(i.tanf) refers to fmul.o(.text) for __aeabi_fmul
    tanf.o(i.tanf) refers to frnd.o(.text) for _frnd
    tanf.o(i.tanf) refers to ffixi.o(.text) for __aeabi_f2iz
    tanf.o(i.tanf) refers to fadd.o(.text) for __aeabi_frsub
    tanf.o(i.tanf) refers to fdiv.o(.text) for __aeabi_fdiv
    tanf.o(i.tanf) refers to rredf.o(i.__mathlib_rredf2) for __mathlib_rredf2
    tanf.o(i.tanf) refers to fpclassifyf.o(i.__ARM_fpclassifyf) for __ARM_fpclassifyf
    tanf.o(i.tanf) refers to funder.o(i.__mathlib_flt_underflow) for __mathlib_flt_underflow
    tanf.o(i.tanf) refers to errno.o(i.__set_errno) for __set_errno
    tanf.o(i.tanf) refers to fscalb.o(.text) for __ARM_scalbnf
    tanf_x.o(i.____softfp_tanf$lsc) refers (Special) to iusefp.o(.text) for __I$use$fp
    tanf_x.o(i.____softfp_tanf$lsc) refers to tanf_x.o(i.__tanf$lsc) for __tanf$lsc
    tanf_x.o(i.__tanf$lsc) refers (Special) to iusefp.o(.text) for __I$use$fp
    tanf_x.o(i.__tanf$lsc) refers to fmul.o(.text) for __aeabi_fmul
    tanf_x.o(i.__tanf$lsc) refers to frnd.o(.text) for _frnd
    tanf_x.o(i.__tanf$lsc) refers to ffixi.o(.text) for __aeabi_f2iz
    tanf_x.o(i.__tanf$lsc) refers to fadd.o(.text) for __aeabi_frsub
    tanf_x.o(i.__tanf$lsc) refers to fdiv.o(.text) for __aeabi_fdiv
    tanf_x.o(i.__tanf$lsc) refers to rredf.o(i.__mathlib_rredf2) for __mathlib_rredf2
    tanf_x.o(i.__tanf$lsc) refers to errno.o(i.__set_errno) for __set_errno
    tanf_x.o(i.__tanf$lsc) refers to fscalb.o(.text) for __ARM_scalbnf
    entry.o(.ARM.Collect$$$$00000000) refers (Special) to entry10a.o(.ARM.Collect$$$$0000000D) for __rt_final_cpp
    entry.o(.ARM.Collect$$$$00000000) refers (Special) to entry11a.o(.ARM.Collect$$$$0000000F) for __rt_final_exit
    entry.o(.ARM.Collect$$$$00000000) refers (Special) to entry7b.o(.ARM.Collect$$$$00000008) for _main_clock
    entry.o(.ARM.Collect$$$$00000000) refers (Special) to entry8b.o(.ARM.Collect$$$$0000000A) for _main_cpp_init
    entry.o(.ARM.Collect$$$$00000000) refers (Special) to entry9a.o(.ARM.Collect$$$$0000000B) for _main_init
    entry.o(.ARM.Collect$$$$00000000) refers (Special) to entry5.o(.ARM.Collect$$$$00000004) for _main_scatterload
    entry.o(.ARM.Collect$$$$00000000) refers (Special) to entry2.o(.ARM.Collect$$$$00000001) for _main_stk
    fadd.o(.text) refers (Special) to iusefp.o(.text) for __I$use$fp
    fadd.o(.text) refers to fepilogue.o(.text) for _float_epilogue
    fmul.o(.text) refers (Special) to iusefp.o(.text) for __I$use$fp
    fdiv.o(.text) refers (Special) to iusefp.o(.text) for __I$use$fp
    fdiv.o(.text) refers to fepilogue.o(.text) for _float_round
    dadd.o(.text) refers (Special) to iusefp.o(.text) for __I$use$fp
    dadd.o(.text) refers to llshl.o(.text) for __aeabi_llsl
    dadd.o(.text) refers to llsshr.o(.text) for __aeabi_lasr
    dadd.o(.text) refers to depilogue.o(.text) for _double_epilogue
    ddiv.o(.text) refers (Special) to iusefp.o(.text) for __I$use$fp
    ddiv.o(.text) refers to depilogue.o(.text) for _double_round
    dfixi.o(.text) refers (Special) to iusefp.o(.text) for __I$use$fp
    dfixi.o(.text) refers to llushr.o(.text) for __aeabi_llsr
    f2d.o(.text) refers (Special) to iusefp.o(.text) for __I$use$fp
    d2f.o(.text) refers (Special) to iusefp.o(.text) for __I$use$fp
    d2f.o(.text) refers to fepilogue.o(.text) for _float_round
    fpclassifyf.o(i.__ARM_fpclassifyf) refers (Special) to iusefp.o(.text) for __I$use$fp
    funder.o(i.__mathlib_flt_underflow) refers to fscalb.o(.text) for __ARM_scalbnf
    rredf.o(i.__mathlib_rredf2) refers (Special) to iusefp.o(.text) for __I$use$fp
    rredf.o(i.__mathlib_rredf2) refers to fflti.o(.text) for __aeabi_i2f
    rredf.o(i.__mathlib_rredf2) refers to ffltui.o(.text) for __aeabi_ui2f
    rredf.o(i.__mathlib_rredf2) refers to fscalb.o(.text) for __ARM_scalbnf
    rredf.o(i.__mathlib_rredf2) refers to fadd.o(.text) for __aeabi_fadd
    rredf.o(i.__mathlib_rredf2) refers to fmul.o(.text) for __aeabi_fmul
    rredf.o(i.__mathlib_rredf2) refers to rredf.o(.constdata) for .constdata
    rredf.o(.constdata) refers (Special) to iusefp.o(.text) for __I$use$fp
    entry2.o(.ARM.Collect$$$$00000001) refers to entry2.o(.ARM.Collect$$$$00002712) for __lit__00000000
    entry2.o(.ARM.Collect$$$$00002712) refers to startup_stm32f10x_hd.o(STACK) for __initial_sp
    entry2.o(__vectab_stack_and_reset_area) refers to startup_stm32f10x_hd.o(STACK) for __initial_sp
    entry2.o(__vectab_stack_and_reset_area) refers to entry.o(.ARM.Collect$$$$00000000) for __main
    entry5.o(.ARM.Collect$$$$00000004) refers to init.o(.text) for __scatterload
    entry9a.o(.ARM.Collect$$$$0000000B) refers to main.o(.text) for main
    entry9b.o(.ARM.Collect$$$$0000000C) refers to main.o(.text) for main
    errno.o(i.__aeabi_errno_addr) refers to errno.o(.data) for .data
    errno.o(i.__read_errno) refers to errno.o(.data) for .data
    errno.o(i.__set_errno) refers to errno.o(.data) for .data
    fsqrt.o(.text) refers to fepilogue.o(.text) for _float_round
    frnd.o(.text) refers to fepilogue.o(.text) for _float_round
    depilogue.o(.text) refers to llshl.o(.text) for __aeabi_llsl
    depilogue.o(.text) refers to llushr.o(.text) for __aeabi_llsr
    drnd.o(.text) refers to llshl.o(.text) for __aeabi_llsl
    drnd.o(.text) refers to llushr.o(.text) for __aeabi_llsr
    drnd.o(.text) refers to depilogue.o(.text) for _double_round
    init.o(.text) refers to entry5.o(.ARM.Collect$$$$00000004) for __main_after_scatterload
    fflti.o(.text) refers to fepilogue.o(.text) for _float_epilogue
    ffltui.o(.text) refers to fepilogue.o(.text) for _float_epilogue


==============================================================================

Removing Unused input sections from the image.

    Removing startup_stm32f10x_hd.o(HEAP), (0 bytes).
    Removing main.o(.bss), (12 bytes).
    Removing stm32f10x_sdio.o(.text), (456 bytes).
    Removing core_cm3.o(.emb_text), (32 bytes).
    Removing system_stm32f10x.o(.constdata), (20 bytes).

5 unused section(s) (total 520 bytes) removed from the image.

==============================================================================

Image Symbol Table

    Local Symbols

    Symbol Name                              Value     Ov Type        Size  Object(Section)

    ../clib/../cmprslib/lz77c.c              0x00000000   Number         0  __dclz77c.o ABSOLUTE
    ../clib/microlib/errno.c                 0x00000000   Number         0  errno.o ABSOLUTE
    ../clib/microlib/init/entry.s            0x00000000   Number         0  entry11a.o ABSOLUTE
    ../clib/microlib/init/entry.s            0x00000000   Number         0  entry7b.o ABSOLUTE
    ../clib/microlib/init/entry.s            0x00000000   Number         0  entry2.o ABSOLUTE
    ../clib/microlib/init/entry.s            0x00000000   Number         0  entry8a.o ABSOLUTE
    ../clib/microlib/init/entry.s            0x00000000   Number         0  entry10a.o ABSOLUTE
    ../clib/microlib/init/entry.s            0x00000000   Number         0  entry8b.o ABSOLUTE
    ../clib/microlib/init/entry.s            0x00000000   Number         0  entry11b.o ABSOLUTE
    ../clib/microlib/init/entry.s            0x00000000   Number         0  entry.o ABSOLUTE
    ../clib/microlib/init/entry.s            0x00000000   Number         0  entry7a.o ABSOLUTE
    ../clib/microlib/init/entry.s            0x00000000   Number         0  entry5.o ABSOLUTE
    ../clib/microlib/init/entry.s            0x00000000   Number         0  entry10b.o ABSOLUTE
    ../clib/microlib/init/entry.s            0x00000000   Number         0  entry9a.o ABSOLUTE
    ../clib/microlib/init/entry.s            0x00000000   Number         0  entry9b.o ABSOLUTE
    ../clib/microlib/longlong.c              0x00000000   Number         0  llushr.o ABSOLUTE
    ../clib/microlib/longlong.c              0x00000000   Number         0  llshl.o ABSOLUTE
    ../clib/microlib/longlong.c              0x00000000   Number         0  llsshr.o ABSOLUTE
    ../clib/microlib/string/memset.c         0x00000000   Number         0  memseta.o ABSOLUTE
    ../clib/microlib/stubs.s                 0x00000000   Number         0  iusefp.o ABSOLUTE
    ../fplib/microlib/d2f.c                  0x00000000   Number         0  d2f.o ABSOLUTE
    ../fplib/microlib/f2d.c                  0x00000000   Number         0  f2d.o ABSOLUTE
    ../fplib/microlib/fpadd.c                0x00000000   Number         0  dadd.o ABSOLUTE
    ../fplib/microlib/fpadd.c                0x00000000   Number         0  fadd.o ABSOLUTE
    ../fplib/microlib/fpdiv.c                0x00000000   Number         0  ddiv.o ABSOLUTE
    ../fplib/microlib/fpdiv.c                0x00000000   Number         0  fdiv.o ABSOLUTE
    ../fplib/microlib/fpepilogue.c           0x00000000   Number         0  fepilogue.o ABSOLUTE
    ../fplib/microlib/fpepilogue.c           0x00000000   Number         0  depilogue.o ABSOLUTE
    ../fplib/microlib/fpfix.c                0x00000000   Number         0  dfixi.o ABSOLUTE
    ../fplib/microlib/fpfix.c                0x00000000   Number         0  ffixi.o ABSOLUTE
    ../fplib/microlib/fpflt.c                0x00000000   Number         0  fflti.o ABSOLUTE
    ../fplib/microlib/fpflt.c                0x00000000   Number         0  ffltui.o ABSOLUTE
    ../fplib/microlib/fpmul.c                0x00000000   Number         0  fmul.o ABSOLUTE
    ../fplib/microlib/fprnd.c                0x00000000   Number         0  drnd.o ABSOLUTE
    ../fplib/microlib/fprnd.c                0x00000000   Number         0  frnd.o ABSOLUTE
    ../fplib/microlib/fpscalb.c              0x00000000   Number         0  fscalb.o ABSOLUTE
    ../fplib/microlib/fpsqrt.c               0x00000000   Number         0  fsqrt.o ABSOLUTE
    ../mathlib/acosf.c                       0x00000000   Number         0  acosf_x.o ABSOLUTE
    ../mathlib/acosf.c                       0x00000000   Number         0  acosf.o ABSOLUTE
    ../mathlib/atan2f.c                      0x00000000   Number         0  atan2f_x.o ABSOLUTE
    ../mathlib/atan2f.c                      0x00000000   Number         0  atan2f.o ABSOLUTE
    ../mathlib/cosf.c                        0x00000000   Number         0  cosf.o ABSOLUTE
    ../mathlib/cosf.c                        0x00000000   Number         0  cosf_x.o ABSOLUTE
    ../mathlib/fpclassifyf.c                 0x00000000   Number         0  fpclassifyf.o ABSOLUTE
    ../mathlib/funder.c                      0x00000000   Number         0  funder.o ABSOLUTE
    ../mathlib/round.c                       0x00000000   Number         0  round.o ABSOLUTE
    ../mathlib/rredf.c                       0x00000000   Number         0  rredf.o ABSOLUTE
    ../mathlib/sinf.c                        0x00000000   Number         0  sinf_x.o ABSOLUTE
    ../mathlib/sinf.c                        0x00000000   Number         0  sinf.o ABSOLUTE
    ../mathlib/sqrtf.c                       0x00000000   Number         0  sqrtf.o ABSOLUTE
    ../mathlib/sqrtf.c                       0x00000000   Number         0  sqrtf_x.o ABSOLUTE
    ../mathlib/tanf.c                        0x00000000   Number         0  tanf_x.o ABSOLUTE
    ../mathlib/tanf.c                        0x00000000   Number         0  tanf.o ABSOLUTE
    ..\CMSIS\core_cm3.c                      0x00000000   Number         0  core_cm3.o ABSOLUTE
    ..\CMSIS\startup\startup_stm32f10x_hd.s  0x00000000   Number         0  startup_stm32f10x_hd.o ABSOLUTE
    ..\CMSIS\system_stm32f10x.c              0x00000000   Number         0  system_stm32f10x.o ABSOLUTE
    ..\FWlib\src\misc.c                      0x00000000   Number         0  misc.o ABSOLUTE
    ..\FWlib\src\stm32f10x_gpio.c            0x00000000   Number         0  stm32f10x_gpio.o ABSOLUTE
    ..\FWlib\src\stm32f10x_rcc.c             0x00000000   Number         0  stm32f10x_rcc.o ABSOLUTE
    ..\FWlib\src\stm32f10x_sdio.c            0x00000000   Number         0  stm32f10x_sdio.o ABSOLUTE
    ..\FWlib\src\stm32f10x_usart.c           0x00000000   Number         0  stm32f10x_usart.o ABSOLUTE
    ..\\CMSIS\\core_cm3.c                    0x00000000   Number         0  core_cm3.o ABSOLUTE
    Site.c                                   0x00000000   Number         0  site.o ABSOLUTE
    cdcmple.s                                0x00000000   Number         0  cdcmple.o ABSOLUTE
    cdrcmple.s                               0x00000000   Number         0  cdrcmple.o ABSOLUTE
    dc.s                                     0x00000000   Number         0  dc.o ABSOLUTE
    handlers.s                               0x00000000   Number         0  handlers.o ABSOLUTE
    ikunc.c                                  0x00000000   Number         0  ikunc.o ABSOLUTE
    init.s                                   0x00000000   Number         0  init.o ABSOLUTE
    main.c                                   0x00000000   Number         0  main.o ABSOLUTE
    message.c                                0x00000000   Number         0  message.o ABSOLUTE
    stm32f10x_it.c                           0x00000000   Number         0  stm32f10x_it.o ABSOLUTE
    usart1.c                                 0x00000000   Number         0  usart1.o ABSOLUTE
    RESET                                    0x08000000   Section      304  startup_stm32f10x_hd.o(RESET)
    .ARM.Collect$$$$00000000                 0x08000130   Section        0  entry.o(.ARM.Collect$$$$00000000)
    .ARM.Collect$$$$00000001                 0x08000130   Section        4  entry2.o(.ARM.Collect$$$$00000001)
    .ARM.Collect$$$$00000004                 0x08000134   Section        4  entry5.o(.ARM.Collect$$$$00000004)
    .ARM.Collect$$$$00000008                 0x08000138   Section        0  entry7b.o(.ARM.Collect$$$$00000008)
    .ARM.Collect$$$$0000000A                 0x08000138   Section        0  entry8b.o(.ARM.Collect$$$$0000000A)
    .ARM.Collect$$$$0000000B                 0x08000138   Section        8  entry9a.o(.ARM.Collect$$$$0000000B)
    .ARM.Collect$$$$0000000D                 0x08000140   Section        0  entry10a.o(.ARM.Collect$$$$0000000D)
    .ARM.Collect$$$$0000000F                 0x08000140   Section        0  entry11a.o(.ARM.Collect$$$$0000000F)
    .ARM.Collect$$$$00002712                 0x08000140   Section        4  entry2.o(.ARM.Collect$$$$00002712)
    __lit__00000000                          0x08000140   Data           4  entry2.o(.ARM.Collect$$$$00002712)
    .text                                    0x08000144   Section       48  startup_stm32f10x_hd.o(.text)
    .text                                    0x08000174   Section        0  main.o(.text)
    .text                                    0x0800029c   Section        0  stm32f10x_it.o(.text)
    .text                                    0x080002b8   Section        0  usart1.o(.text)
    .text                                    0x080004e8   Section        0  message.o(.text)
    .text                                    0x0800059c   Section        0  ikunc.o(.text)
    .text                                    0x080008c4   Section        0  site.o(.text)
    .text                                    0x08000a0c   Section        0  stm32f10x_gpio.o(.text)
    .text                                    0x08000d3c   Section        0  stm32f10x_rcc.o(.text)
    .text                                    0x080010dc   Section        0  stm32f10x_usart.o(.text)
    .text                                    0x0800144c   Section        0  misc.o(.text)
    .text                                    0x08001528   Section        0  system_stm32f10x.o(.text)
    SetSysClockTo72                          0x08001529   Thumb Code   220  system_stm32f10x.o(.text)
    SetSysClock                              0x08001605   Thumb Code     8  system_stm32f10x.o(.text)
    .text                                    0x08001660   Section        0  memseta.o(.text)
    .text                                    0x08001684   Section        0  fadd.o(.text)
    .text                                    0x08001734   Section        0  fmul.o(.text)
    .text                                    0x08001798   Section        0  fdiv.o(.text)
    .text                                    0x08001814   Section        0  dadd.o(.text)
    .text                                    0x08001962   Section        0  ddiv.o(.text)
    .text                                    0x08001a40   Section        0  dfixi.o(.text)
    .text                                    0x08001a7e   Section        0  f2d.o(.text)
    .text                                    0x08001aa4   Section        0  d2f.o(.text)
    .text                                    0x08001adc   Section        0  llshl.o(.text)
    .text                                    0x08001afa   Section        0  llushr.o(.text)
    .text                                    0x08001b1a   Section        0  llsshr.o(.text)
    .text                                    0x08001b3e   Section        0  iusefp.o(.text)
    .text                                    0x08001b3e   Section        0  fepilogue.o(.text)
    .text                                    0x08001bac   Section        0  fscalb.o(.text)
    .text                                    0x08001bc4   Section        0  fsqrt.o(.text)
    .text                                    0x08001c22   Section        0  frnd.o(.text)
    .text                                    0x08001c5e   Section        0  depilogue.o(.text)
    .text                                    0x08001d14   Section        0  drnd.o(.text)
    .text                                    0x08001d9c   Section        0  ffixi.o(.text)
    .text                                    0x08001dd0   Section       40  cdcmple.o(.text)
    .text                                    0x08001df8   Section       40  cdrcmple.o(.text)
    .text                                    0x08001e20   Section       36  init.o(.text)
    .text                                    0x08001e44   Section        0  fflti.o(.text)
    .text                                    0x08001e56   Section        0  ffltui.o(.text)
    .text                                    0x08001e60   Section        0  __dclz77c.o(.text)
    i.__ARM_fpclassifyf                      0x08001ebe   Section        0  fpclassifyf.o(i.__ARM_fpclassifyf)
    i.__mathlib_flt_underflow                0x08001ee4   Section        0  funder.o(i.__mathlib_flt_underflow)
    i.__mathlib_rredf2                       0x08001ef0   Section        0  rredf.o(i.__mathlib_rredf2)
    i.__scatterload_copy                     0x08002048   Section       14  handlers.o(i.__scatterload_copy)
    i.__scatterload_null                     0x08002056   Section        2  handlers.o(i.__scatterload_null)
    i.__scatterload_zeroinit                 0x08002058   Section       14  handlers.o(i.__scatterload_zeroinit)
    i.__set_errno                            0x08002068   Section        0  errno.o(i.__set_errno)
    i.acosf                                  0x08002074   Section        0  acosf.o(i.acosf)
    i.atan2f                                 0x08002194   Section        0  atan2f.o(i.atan2f)
    i.cosf                                   0x080023f0   Section        0  cosf.o(i.cosf)
    i.round                                  0x08002574   Section        0  round.o(i.round)
    i.sinf                                   0x08002608   Section        0  sinf.o(i.sinf)
    i.sqrtf                                  0x08002794   Section        0  sqrtf.o(i.sqrtf)
    i.tanf                                   0x080027c0   Section        0  tanf.o(i.tanf)
    .constdata                               0x08002938   Section       16  main.o(.constdata)
    .constdata                               0x08002948   Section       16  site.o(.constdata)
    .constdata                               0x08002958   Section       32  rredf.o(.constdata)
    twooverpi                                0x08002958   Data          32  rredf.o(.constdata)
    .data                                    0x20000000   Section      764  main.o(.data)
    .data                                    0x200002fc   Section       20  usart1.o(.data)
    .data                                    0x20000310   Section        4  site.o(.data)
    .data                                    0x20000314   Section       20  stm32f10x_rcc.o(.data)
    APBAHBPrescTable                         0x20000314   Data          16  stm32f10x_rcc.o(.data)
    ADCPrescTable                            0x20000324   Data           4  stm32f10x_rcc.o(.data)
    .data                                    0x20000328   Section        4  errno.o(.data)
    _errno                                   0x20000328   Data           4  errno.o(.data)
    .bss                                     0x2000032c   Section       50  usart1.o(.bss)
    .bss                                     0x2000035e   Section       34  site.o(.bss)
    STACK                                    0x20000380   Section      512  startup_stm32f10x_hd.o(STACK)

    Global Symbols

    Symbol Name                              Value     Ov Type        Size  Object(Section)

    BuildAttributes$$THM_ISAv4$P$D$K$B$S$PE$A:L22UL41UL21$X:L11$S22US41US21$IEEE1$IW$USESV6$~STKCKD$USESV7$~SHL$OTIME$ROPI$IEEEX$EBA8$MICROLIB$REQ8$PRES8$EABIv2 0x00000000   Number         0  anon$$obj.o ABSOLUTE
    __ARM_use_no_argv                        0x00000000   Number         0  main.o ABSOLUTE
    __cpp_initialize__aeabi_                  - Undefined Weak Reference
    __cxa_finalize                            - Undefined Weak Reference
    _clock_init                               - Undefined Weak Reference
    _microlib_exit                            - Undefined Weak Reference
    __Vectors_Size                           0x00000130   Number         0  startup_stm32f10x_hd.o ABSOLUTE
    __Vectors                                0x08000000   Data           4  startup_stm32f10x_hd.o(RESET)
    __Vectors_End                            0x08000130   Data           0  startup_stm32f10x_hd.o(RESET)
    __main                                   0x08000131   Thumb Code     0  entry.o(.ARM.Collect$$$$00000000)
    _main_stk                                0x08000131   Thumb Code     0  entry2.o(.ARM.Collect$$$$00000001)
    _main_scatterload                        0x08000135   Thumb Code     0  entry5.o(.ARM.Collect$$$$00000004)
    __main_after_scatterload                 0x08000139   Thumb Code     0  entry5.o(.ARM.Collect$$$$00000004)
    _main_clock                              0x08000139   Thumb Code     0  entry7b.o(.ARM.Collect$$$$00000008)
    _main_cpp_init                           0x08000139   Thumb Code     0  entry8b.o(.ARM.Collect$$$$0000000A)
    _main_init                               0x08000139   Thumb Code     0  entry9a.o(.ARM.Collect$$$$0000000B)
    __rt_final_cpp                           0x08000141   Thumb Code     0  entry10a.o(.ARM.Collect$$$$0000000D)
    __rt_final_exit                          0x08000141   Thumb Code     0  entry11a.o(.ARM.Collect$$$$0000000F)
    SystemInit_ExtMemCtl                     0x08000145   Thumb Code     2  startup_stm32f10x_hd.o(.text)
    Reset_Handler                            0x08000147   Thumb Code    14  startup_stm32f10x_hd.o(.text)
    ADC1_2_IRQHandler                        0x08000167   Thumb Code     0  startup_stm32f10x_hd.o(.text)
    ADC3_IRQHandler                          0x08000167   Thumb Code     0  startup_stm32f10x_hd.o(.text)
    CAN1_RX1_IRQHandler                      0x08000167   Thumb Code     0  startup_stm32f10x_hd.o(.text)
    CAN1_SCE_IRQHandler                      0x08000167   Thumb Code     0  startup_stm32f10x_hd.o(.text)
    DMA1_Channel1_IRQHandler                 0x08000167   Thumb Code     0  startup_stm32f10x_hd.o(.text)
    DMA1_Channel2_IRQHandler                 0x08000167   Thumb Code     0  startup_stm32f10x_hd.o(.text)
    DMA1_Channel3_IRQHandler                 0x08000167   Thumb Code     0  startup_stm32f10x_hd.o(.text)
    DMA1_Channel4_IRQHandler                 0x08000167   Thumb Code     0  startup_stm32f10x_hd.o(.text)
    DMA1_Channel5_IRQHandler                 0x08000167   Thumb Code     0  startup_stm32f10x_hd.o(.text)
    DMA1_Channel6_IRQHandler                 0x08000167   Thumb Code     0  startup_stm32f10x_hd.o(.text)
    DMA1_Channel7_IRQHandler                 0x08000167   Thumb Code     0  startup_stm32f10x_hd.o(.text)
    DMA2_Channel1_IRQHandler                 0x08000167   Thumb Code     0  startup_stm32f10x_hd.o(.text)
    DMA2_Channel2_IRQHandler                 0x08000167   Thumb Code     0  startup_stm32f10x_hd.o(.text)
    DMA2_Channel3_IRQHandler                 0x08000167   Thumb Code     0  startup_stm32f10x_hd.o(.text)
    DMA2_Channel4_5_IRQHandler               0x08000167   Thumb Code     0  startup_stm32f10x_hd.o(.text)
    EXTI0_IRQHandler                         0x08000167   Thumb Code     0  startup_stm32f10x_hd.o(.text)
    EXTI15_10_IRQHandler                     0x08000167   Thumb Code     0  startup_stm32f10x_hd.o(.text)
    EXTI1_IRQHandler                         0x08000167   Thumb Code     0  startup_stm32f10x_hd.o(.text)
    EXTI2_IRQHandler                         0x08000167   Thumb Code     0  startup_stm32f10x_hd.o(.text)
    EXTI3_IRQHandler                         0x08000167   Thumb Code     0  startup_stm32f10x_hd.o(.text)
    EXTI4_IRQHandler                         0x08000167   Thumb Code     0  startup_stm32f10x_hd.o(.text)
    EXTI9_5_IRQHandler                       0x08000167   Thumb Code     0  startup_stm32f10x_hd.o(.text)
    FLASH_IRQHandler                         0x08000167   Thumb Code     0  startup_stm32f10x_hd.o(.text)
    FSMC_IRQHandler                          0x08000167   Thumb Code     0  startup_stm32f10x_hd.o(.text)
    I2C1_ER_IRQHandler                       0x08000167   Thumb Code     0  startup_stm32f10x_hd.o(.text)
    I2C1_EV_IRQHandler                       0x08000167   Thumb Code     0  startup_stm32f10x_hd.o(.text)
    I2C2_ER_IRQHandler                       0x08000167   Thumb Code     0  startup_stm32f10x_hd.o(.text)
    I2C2_EV_IRQHandler                       0x08000167   Thumb Code     0  startup_stm32f10x_hd.o(.text)
    PVD_IRQHandler                           0x08000167   Thumb Code     0  startup_stm32f10x_hd.o(.text)
    RCC_IRQHandler                           0x08000167   Thumb Code     0  startup_stm32f10x_hd.o(.text)
    RTCAlarm_IRQHandler                      0x08000167   Thumb Code     0  startup_stm32f10x_hd.o(.text)
    RTC_IRQHandler                           0x08000167   Thumb Code     0  startup_stm32f10x_hd.o(.text)
    SDIO_IRQHandler                          0x08000167   Thumb Code     0  startup_stm32f10x_hd.o(.text)
    SPI1_IRQHandler                          0x08000167   Thumb Code     0  startup_stm32f10x_hd.o(.text)
    SPI2_IRQHandler                          0x08000167   Thumb Code     0  startup_stm32f10x_hd.o(.text)
    SPI3_IRQHandler                          0x08000167   Thumb Code     0  startup_stm32f10x_hd.o(.text)
    TAMPER_IRQHandler                        0x08000167   Thumb Code     0  startup_stm32f10x_hd.o(.text)
    TIM1_BRK_IRQHandler                      0x08000167   Thumb Code     0  startup_stm32f10x_hd.o(.text)
    TIM1_CC_IRQHandler                       0x08000167   Thumb Code     0  startup_stm32f10x_hd.o(.text)
    TIM1_TRG_COM_IRQHandler                  0x08000167   Thumb Code     0  startup_stm32f10x_hd.o(.text)
    TIM1_UP_IRQHandler                       0x08000167   Thumb Code     0  startup_stm32f10x_hd.o(.text)
    TIM2_IRQHandler                          0x08000167   Thumb Code     0  startup_stm32f10x_hd.o(.text)
    TIM3_IRQHandler                          0x08000167   Thumb Code     0  startup_stm32f10x_hd.o(.text)
    TIM4_IRQHandler                          0x08000167   Thumb Code     0  startup_stm32f10x_hd.o(.text)
    TIM5_IRQHandler                          0x08000167   Thumb Code     0  startup_stm32f10x_hd.o(.text)
    TIM6_IRQHandler                          0x08000167   Thumb Code     0  startup_stm32f10x_hd.o(.text)
    TIM7_IRQHandler                          0x08000167   Thumb Code     0  startup_stm32f10x_hd.o(.text)
    TIM8_BRK_IRQHandler                      0x08000167   Thumb Code     0  startup_stm32f10x_hd.o(.text)
    TIM8_CC_IRQHandler                       0x08000167   Thumb Code     0  startup_stm32f10x_hd.o(.text)
    TIM8_TRG_COM_IRQHandler                  0x08000167   Thumb Code     0  startup_stm32f10x_hd.o(.text)
    TIM8_UP_IRQHandler                       0x08000167   Thumb Code     0  startup_stm32f10x_hd.o(.text)
    UART4_IRQHandler                         0x08000167   Thumb Code     0  startup_stm32f10x_hd.o(.text)
    UART5_IRQHandler                         0x08000167   Thumb Code     0  startup_stm32f10x_hd.o(.text)
    USART2_IRQHandler                        0x08000167   Thumb Code     0  startup_stm32f10x_hd.o(.text)
    USART3_IRQHandler                        0x08000167   Thumb Code     0  startup_stm32f10x_hd.o(.text)
    USBWakeUp_IRQHandler                     0x08000167   Thumb Code     0  startup_stm32f10x_hd.o(.text)
    USB_HP_CAN1_TX_IRQHandler                0x08000167   Thumb Code     0  startup_stm32f10x_hd.o(.text)
    USB_LP_CAN1_RX0_IRQHandler               0x08000167   Thumb Code     0  startup_stm32f10x_hd.o(.text)
    WWDG_IRQHandler                          0x08000167   Thumb Code     0  startup_stm32f10x_hd.o(.text)
    pre_c                                    0x08000175   Thumb Code    34  main.o(.text)
    main                                     0x08000197   Thumb Code   238  main.o(.text)
    NMI_Handler                              0x0800029d   Thumb Code     2  stm32f10x_it.o(.text)
    HardFault_Handler                        0x0800029f   Thumb Code     4  stm32f10x_it.o(.text)
    MemManage_Handler                        0x080002a3   Thumb Code     4  stm32f10x_it.o(.text)
    BusFault_Handler                         0x080002a7   Thumb Code     4  stm32f10x_it.o(.text)
    UsageFault_Handler                       0x080002ab   Thumb Code     4  stm32f10x_it.o(.text)
    SVC_Handler                              0x080002af   Thumb Code     2  stm32f10x_it.o(.text)
    DebugMon_Handler                         0x080002b1   Thumb Code     2  stm32f10x_it.o(.text)
    PendSV_Handler                           0x080002b3   Thumb Code     2  stm32f10x_it.o(.text)
    SysTick_Handler                          0x080002b5   Thumb Code     2  stm32f10x_it.o(.text)
    USART_Config                             0x080002b9   Thumb Code    42  usart1.o(.text)
    USART1_Config                            0x080002e3   Thumb Code   130  usart1.o(.text)
    UART1SendByte                            0x08000365   Thumb Code    28  usart1.o(.text)
    UART1GetByte                             0x08000381   Thumb Code    30  usart1.o(.text)
    UART1Test                                0x0800039f   Thumb Code    32  usart1.o(.text)
    recV                                     0x080003bf   Thumb Code    30  usart1.o(.text)
    judJ                                     0x080003dd   Thumb Code    32  usart1.o(.text)
    USART1_IRQHandler                        0x080003fd   Thumb Code   180  usart1.o(.text)
    Delay                                    0x080004b1   Thumb Code    18  usart1.o(.text)
    mess                                     0x080004e9   Thumb Code   112  message.o(.text)
    crc16                                    0x08000559   Thumb Code    52  message.o(.text)
    comb                                     0x0800058d   Thumb Code    16  message.o(.text)
    dof_IK                                   0x0800059d   Thumb Code   764  ikunc.o(.text)
    calC                                     0x080008c5   Thumb Code   174  site.o(.text)
    reacH                                    0x08000973   Thumb Code   134  site.o(.text)
    GPIO_DeInit                              0x08000a0d   Thumb Code   188  stm32f10x_gpio.o(.text)
    GPIO_AFIODeInit                          0x08000ac9   Thumb Code    20  stm32f10x_gpio.o(.text)
    GPIO_Init                                0x08000add   Thumb Code   278  stm32f10x_gpio.o(.text)
    GPIO_StructInit                          0x08000bf3   Thumb Code    16  stm32f10x_gpio.o(.text)
    GPIO_ReadInputDataBit                    0x08000c03   Thumb Code    18  stm32f10x_gpio.o(.text)
    GPIO_ReadInputData                       0x08000c15   Thumb Code     8  stm32f10x_gpio.o(.text)
    GPIO_ReadOutputDataBit                   0x08000c1d   Thumb Code    18  stm32f10x_gpio.o(.text)
    GPIO_ReadOutputData                      0x08000c2f   Thumb Code     8  stm32f10x_gpio.o(.text)
    GPIO_SetBits                             0x08000c37   Thumb Code     4  stm32f10x_gpio.o(.text)
    GPIO_ResetBits                           0x08000c3b   Thumb Code     4  stm32f10x_gpio.o(.text)
    GPIO_WriteBit                            0x08000c3f   Thumb Code    10  stm32f10x_gpio.o(.text)
    GPIO_Write                               0x08000c49   Thumb Code     4  stm32f10x_gpio.o(.text)
    GPIO_PinLockConfig                       0x08000c4d   Thumb Code    18  stm32f10x_gpio.o(.text)
    GPIO_EventOutputConfig                   0x08000c5f   Thumb Code    26  stm32f10x_gpio.o(.text)
    GPIO_EventOutputCmd                      0x08000c79   Thumb Code     6  stm32f10x_gpio.o(.text)
    GPIO_PinRemapConfig                      0x08000c7f   Thumb Code   106  stm32f10x_gpio.o(.text)
    GPIO_EXTILineConfig                      0x08000ce9   Thumb Code    66  stm32f10x_gpio.o(.text)
    RCC_DeInit                               0x08000d3d   Thumb Code    62  stm32f10x_rcc.o(.text)
    RCC_HSEConfig                            0x08000d7b   Thumb Code    70  stm32f10x_rcc.o(.text)
    RCC_GetFlagStatus                        0x08000dc1   Thumb Code    56  stm32f10x_rcc.o(.text)
    RCC_WaitForHSEStartUp                    0x08000df9   Thumb Code    54  stm32f10x_rcc.o(.text)
    RCC_AdjustHSICalibrationValue            0x08000e2f   Thumb Code    20  stm32f10x_rcc.o(.text)
    RCC_HSICmd                               0x08000e43   Thumb Code     6  stm32f10x_rcc.o(.text)
    RCC_PLLConfig                            0x08000e49   Thumb Code    24  stm32f10x_rcc.o(.text)
    RCC_PLLCmd                               0x08000e61   Thumb Code     6  stm32f10x_rcc.o(.text)
    RCC_SYSCLKConfig                         0x08000e67   Thumb Code    18  stm32f10x_rcc.o(.text)
    RCC_GetSYSCLKSource                      0x08000e79   Thumb Code    10  stm32f10x_rcc.o(.text)
    RCC_HCLKConfig                           0x08000e83   Thumb Code    18  stm32f10x_rcc.o(.text)
    RCC_PCLK1Config                          0x08000e95   Thumb Code    18  stm32f10x_rcc.o(.text)
    RCC_PCLK2Config                          0x08000ea7   Thumb Code    20  stm32f10x_rcc.o(.text)
    RCC_ITConfig                             0x08000ebb   Thumb Code    26  stm32f10x_rcc.o(.text)
    RCC_USBCLKConfig                         0x08000ed5   Thumb Code     8  stm32f10x_rcc.o(.text)
    RCC_ADCCLKConfig                         0x08000edd   Thumb Code    18  stm32f10x_rcc.o(.text)
    RCC_LSEConfig                            0x08000eef   Thumb Code    50  stm32f10x_rcc.o(.text)
    RCC_LSICmd                               0x08000f21   Thumb Code     6  stm32f10x_rcc.o(.text)
    RCC_RTCCLKConfig                         0x08000f27   Thumb Code    12  stm32f10x_rcc.o(.text)
    RCC_RTCCLKCmd                            0x08000f33   Thumb Code     8  stm32f10x_rcc.o(.text)
    RCC_GetClocksFreq                        0x08000f3b   Thumb Code   192  stm32f10x_rcc.o(.text)
    RCC_AHBPeriphClockCmd                    0x08000ffb   Thumb Code    26  stm32f10x_rcc.o(.text)
    RCC_APB2PeriphClockCmd                   0x08001015   Thumb Code    26  stm32f10x_rcc.o(.text)
    RCC_APB1PeriphClockCmd                   0x0800102f   Thumb Code    26  stm32f10x_rcc.o(.text)
    RCC_APB2PeriphResetCmd                   0x08001049   Thumb Code    26  stm32f10x_rcc.o(.text)
    RCC_APB1PeriphResetCmd                   0x08001063   Thumb Code    26  stm32f10x_rcc.o(.text)
    RCC_BackupResetCmd                       0x0800107d   Thumb Code     8  stm32f10x_rcc.o(.text)
    RCC_ClockSecuritySystemCmd               0x08001085   Thumb Code     6  stm32f10x_rcc.o(.text)
    RCC_MCOConfig                            0x0800108b   Thumb Code     6  stm32f10x_rcc.o(.text)
    RCC_ClearFlag                            0x08001091   Thumb Code    14  stm32f10x_rcc.o(.text)
    RCC_GetITStatus                          0x0800109f   Thumb Code    20  stm32f10x_rcc.o(.text)
    RCC_ClearITPendingBit                    0x080010b3   Thumb Code     6  stm32f10x_rcc.o(.text)
    USART_DeInit                             0x080010dd   Thumb Code   146  stm32f10x_usart.o(.text)
    USART_Init                               0x0800116f   Thumb Code   150  stm32f10x_usart.o(.text)
    USART_StructInit                         0x08001205   Thumb Code    24  stm32f10x_usart.o(.text)
    USART_ClockInit                          0x0800121d   Thumb Code    34  stm32f10x_usart.o(.text)
    USART_ClockStructInit                    0x0800123f   Thumb Code    12  stm32f10x_usart.o(.text)
    USART_Cmd                                0x0800124b   Thumb Code    24  stm32f10x_usart.o(.text)
    USART_ITConfig                           0x08001263   Thumb Code    64  stm32f10x_usart.o(.text)
    USART_DMACmd                             0x080012a3   Thumb Code    18  stm32f10x_usart.o(.text)
    USART_SetAddress                         0x080012b5   Thumb Code    18  stm32f10x_usart.o(.text)
    USART_WakeUpConfig                       0x080012c7   Thumb Code    18  stm32f10x_usart.o(.text)
    USART_ReceiverWakeUpCmd                  0x080012d9   Thumb Code    24  stm32f10x_usart.o(.text)
    USART_LINBreakDetectLengthConfig         0x080012f1   Thumb Code    18  stm32f10x_usart.o(.text)
    USART_LINCmd                             0x08001303   Thumb Code    24  stm32f10x_usart.o(.text)
    USART_SendData                           0x0800131b   Thumb Code     8  stm32f10x_usart.o(.text)
    USART_ReceiveData                        0x08001323   Thumb Code    10  stm32f10x_usart.o(.text)
    USART_SendBreak                          0x0800132d   Thumb Code    10  stm32f10x_usart.o(.text)
    USART_SetGuardTime                       0x08001337   Thumb Code    16  stm32f10x_usart.o(.text)
    USART_SetPrescaler                       0x08001347   Thumb Code    16  stm32f10x_usart.o(.text)
    USART_SmartCardCmd                       0x08001357   Thumb Code    24  stm32f10x_usart.o(.text)
    USART_SmartCardNACKCmd                   0x0800136f   Thumb Code    24  stm32f10x_usart.o(.text)
    USART_HalfDuplexCmd                      0x08001387   Thumb Code    24  stm32f10x_usart.o(.text)
    USART_IrDAConfig                         0x0800139f   Thumb Code    18  stm32f10x_usart.o(.text)
    USART_IrDACmd                            0x080013b1   Thumb Code    24  stm32f10x_usart.o(.text)
    USART_GetFlagStatus                      0x080013c9   Thumb Code    18  stm32f10x_usart.o(.text)
    USART_ClearFlag                          0x080013db   Thumb Code     6  stm32f10x_usart.o(.text)
    USART_GetITStatus                        0x080013e1   Thumb Code    76  stm32f10x_usart.o(.text)
    USART_ClearITPendingBit                  0x0800142d   Thumb Code    20  stm32f10x_usart.o(.text)
    NVIC_PriorityGroupConfig                 0x0800144d   Thumb Code    10  misc.o(.text)
    NVIC_Init                                0x08001457   Thumb Code   100  misc.o(.text)
    NVIC_SetVectorTable                      0x080014bb   Thumb Code    14  misc.o(.text)
    NVIC_SystemLPConfig                      0x080014c9   Thumb Code    34  misc.o(.text)
    SysTick_CLKSourceConfig                  0x080014eb   Thumb Code    40  misc.o(.text)
    SystemInit                               0x0800160d   Thumb Code    68  system_stm32f10x.o(.text)
    __aeabi_memset                           0x08001661   Thumb Code    14  memseta.o(.text)
    __aeabi_memset4                          0x08001661   Thumb Code     0  memseta.o(.text)
    __aeabi_memset8                          0x08001661   Thumb Code     0  memseta.o(.text)
    __aeabi_memclr                           0x0800166f   Thumb Code     4  memseta.o(.text)
    __aeabi_memclr4                          0x0800166f   Thumb Code     0  memseta.o(.text)
    __aeabi_memclr8                          0x0800166f   Thumb Code     0  memseta.o(.text)
    _memset$wrapper                          0x08001673   Thumb Code    18  memseta.o(.text)
    __aeabi_fadd                             0x08001685   Thumb Code   164  fadd.o(.text)
    __aeabi_fsub                             0x08001729   Thumb Code     6  fadd.o(.text)
    __aeabi_frsub                            0x0800172f   Thumb Code     6  fadd.o(.text)
    __aeabi_fmul                             0x08001735   Thumb Code   100  fmul.o(.text)
    __aeabi_fdiv                             0x08001799   Thumb Code   124  fdiv.o(.text)
    __aeabi_dadd                             0x08001815   Thumb Code   322  dadd.o(.text)
    __aeabi_dsub                             0x08001957   Thumb Code     6  dadd.o(.text)
    __aeabi_drsub                            0x0800195d   Thumb Code     6  dadd.o(.text)
    __aeabi_ddiv                             0x08001963   Thumb Code   222  ddiv.o(.text)
    __aeabi_d2iz                             0x08001a41   Thumb Code    62  dfixi.o(.text)
    __aeabi_f2d                              0x08001a7f   Thumb Code    38  f2d.o(.text)
    __aeabi_d2f                              0x08001aa5   Thumb Code    56  d2f.o(.text)
    __aeabi_llsl                             0x08001add   Thumb Code    30  llshl.o(.text)
    _ll_shift_l                              0x08001add   Thumb Code     0  llshl.o(.text)
    __aeabi_llsr                             0x08001afb   Thumb Code    32  llushr.o(.text)
    _ll_ushift_r                             0x08001afb   Thumb Code     0  llushr.o(.text)
    __aeabi_lasr                             0x08001b1b   Thumb Code    36  llsshr.o(.text)
    _ll_sshift_r                             0x08001b1b   Thumb Code     0  llsshr.o(.text)
    __I$use$fp                               0x08001b3f   Thumb Code     0  iusefp.o(.text)
    _float_round                             0x08001b3f   Thumb Code    18  fepilogue.o(.text)
    _float_epilogue                          0x08001b51   Thumb Code    92  fepilogue.o(.text)
    __ARM_scalbnf                            0x08001bad   Thumb Code    24  fscalb.o(.text)
    scalbnf                                  0x08001bad   Thumb Code     0  fscalb.o(.text)
    _fsqrt                                   0x08001bc5   Thumb Code    94  fsqrt.o(.text)
    _frnd                                    0x08001c23   Thumb Code    60  frnd.o(.text)
    _double_round                            0x08001c5f   Thumb Code    26  depilogue.o(.text)
    _double_epilogue                         0x08001c79   Thumb Code   156  depilogue.o(.text)
    _drnd                                    0x08001d15   Thumb Code   132  drnd.o(.text)
    __aeabi_f2iz                             0x08001d9d   Thumb Code    50  ffixi.o(.text)
    __aeabi_cdcmpeq                          0x08001dd1   Thumb Code     0  cdcmple.o(.text)
    __aeabi_cdcmple                          0x08001dd1   Thumb Code    38  cdcmple.o(.text)
    __aeabi_cdrcmple                         0x08001df9   Thumb Code    38  cdrcmple.o(.text)
    __scatterload                            0x08001e21   Thumb Code    28  init.o(.text)
    __scatterload_rt2                        0x08001e21   Thumb Code     0  init.o(.text)
    __aeabi_i2f                              0x08001e45   Thumb Code    18  fflti.o(.text)
    __aeabi_ui2f                             0x08001e57   Thumb Code    10  ffltui.o(.text)
    __decompress                             0x08001e61   Thumb Code     0  __dclz77c.o(.text)
    __decompress2                            0x08001e61   Thumb Code    94  __dclz77c.o(.text)
    __ARM_fpclassifyf                        0x08001ebf   Thumb Code    38  fpclassifyf.o(i.__ARM_fpclassifyf)
    __mathlib_flt_underflow                  0x08001ee5   Thumb Code    10  funder.o(i.__mathlib_flt_underflow)
    __mathlib_rredf2                         0x08001ef1   Thumb Code   326  rredf.o(i.__mathlib_rredf2)
    __scatterload_copy                       0x08002049   Thumb Code    14  handlers.o(i.__scatterload_copy)
    __scatterload_null                       0x08002057   Thumb Code     2  handlers.o(i.__scatterload_null)
    __scatterload_zeroinit                   0x08002059   Thumb Code    14  handlers.o(i.__scatterload_zeroinit)
    __set_errno                              0x08002069   Thumb Code     6  errno.o(i.__set_errno)
    acosf                                    0x08002075   Thumb Code   248  acosf.o(i.acosf)
    atan2f                                   0x08002195   Thumb Code   528  atan2f.o(i.atan2f)
    cosf                                     0x080023f1   Thumb Code   334  cosf.o(i.cosf)
    round                                    0x08002575   Thumb Code   136  round.o(i.round)
    sinf                                     0x08002609   Thumb Code   344  sinf.o(i.sinf)
    sqrtf                                    0x08002795   Thumb Code    44  sqrtf.o(i.sqrtf)
    tanf                                     0x080027c1   Thumb Code   320  tanf.o(i.tanf)
    Region$$Table$$Base                      0x08002978   Number         0  anon$$obj.o(Region$$Table)
    Region$$Table$$Limit                     0x08002998   Number         0  anon$$obj.o(Region$$Table)
    slte                                     0x20000000   Data         504  main.o(.data)
    slt2                                     0x200001f8   Data         252  main.o(.data)
    i                                        0x200002f4   Data           4  main.o(.data)
    Flag2                                    0x200002f8   Data           4  main.o(.data)
    p                                        0x200002fc   Data           4  usart1.o(.data)
    reC                                      0x20000300   Data          16  usart1.o(.data)
    ena                                      0x20000310   Data           4  site.o(.data)
    soC                                      0x2000032c   Data          34  usart1.o(.bss)
    reV                                      0x2000034e   Data          16  usart1.o(.bss)
    data                                     0x2000035e   Data          34  site.o(.bss)
    __initial_sp                             0x20000580   Data           0  startup_stm32f10x_hd.o(STACK)



==============================================================================

Memory Map of the image

  Image Entry point : 0x08000147

  Load Region LR_1 (Base: 0x08000000, Size: 0x00002cc4, Max: 0xffffffff, ABSOLUTE, COMPRESSED[0x00002aa8])

    Execution Region ER_RO (Base: 0x08000000, Size: 0x00002998, Max: 0xffffffff, ABSOLUTE)

    Base Addr    Size         Type   Attr      Idx    E Section Name        Object

    0x08000000   0x00000130   Data   RO            3    RESET               startup_stm32f10x_hd.o
    0x08000130   0x00000000   Code   RO          302  * .ARM.Collect$$$$00000000  mc_w.l(entry.o)
    0x08000130   0x00000004   Code   RO          330    .ARM.Collect$$$$00000001  mc_w.l(entry2.o)
    0x08000134   0x00000004   Code   RO          333    .ARM.Collect$$$$00000004  mc_w.l(entry5.o)
    0x08000138   0x00000000   Code   RO          335    .ARM.Collect$$$$00000008  mc_w.l(entry7b.o)
    0x08000138   0x00000000   Code   RO          337    .ARM.Collect$$$$0000000A  mc_w.l(entry8b.o)
    0x08000138   0x00000008   Code   RO          338    .ARM.Collect$$$$0000000B  mc_w.l(entry9a.o)
    0x08000140   0x00000000   Code   RO          340    .ARM.Collect$$$$0000000D  mc_w.l(entry10a.o)
    0x08000140   0x00000000   Code   RO          342    .ARM.Collect$$$$0000000F  mc_w.l(entry11a.o)
    0x08000140   0x00000004   Code   RO          331    .ARM.Collect$$$$00002712  mc_w.l(entry2.o)
    0x08000144   0x00000030   Code   RO            4  * .text               startup_stm32f10x_hd.o
    0x08000174   0x00000128   Code   RO           10    .text               main.o
    0x0800029c   0x0000001a   Code   RO           76    .text               stm32f10x_it.o
    0x080002b6   0x00000002   PAD
    0x080002b8   0x00000230   Code   RO           91    .text               usart1.o
    0x080004e8   0x000000b4   Code   RO          118    .text               message.o
    0x0800059c   0x00000328   Code   RO          130    .text               ikunc.o
    0x080008c4   0x00000148   Code   RO          142    .text               site.o
    0x08000a0c   0x00000330   Code   RO          162    .text               stm32f10x_gpio.o
    0x08000d3c   0x000003a0   Code   RO          174    .text               stm32f10x_rcc.o
    0x080010dc   0x00000370   Code   RO          188    .text               stm32f10x_usart.o
    0x0800144c   0x000000dc   Code   RO          200    .text               misc.o
    0x08001528   0x00000138   Code   RO          234    .text               system_stm32f10x.o
    0x08001660   0x00000024   Code   RO          305    .text               mc_w.l(memseta.o)
    0x08001684   0x000000b0   Code   RO          307    .text               mf_w.l(fadd.o)
    0x08001734   0x00000064   Code   RO          309    .text               mf_w.l(fmul.o)
    0x08001798   0x0000007c   Code   RO          311    .text               mf_w.l(fdiv.o)
    0x08001814   0x0000014e   Code   RO          313    .text               mf_w.l(dadd.o)
    0x08001962   0x000000de   Code   RO          315    .text               mf_w.l(ddiv.o)
    0x08001a40   0x0000003e   Code   RO          317    .text               mf_w.l(dfixi.o)
    0x08001a7e   0x00000026   Code   RO          319    .text               mf_w.l(f2d.o)
    0x08001aa4   0x00000038   Code   RO          321    .text               mf_w.l(d2f.o)
    0x08001adc   0x0000001e   Code   RO          344    .text               mc_w.l(llshl.o)
    0x08001afa   0x00000020   Code   RO          346    .text               mc_w.l(llushr.o)
    0x08001b1a   0x00000024   Code   RO          348    .text               mc_w.l(llsshr.o)
    0x08001b3e   0x00000000   Code   RO          357    .text               mc_w.l(iusefp.o)
    0x08001b3e   0x0000006e   Code   RO          358    .text               mf_w.l(fepilogue.o)
    0x08001bac   0x00000018   Code   RO          360    .text               mf_w.l(fscalb.o)
    0x08001bc4   0x0000005e   Code   RO          362    .text               mf_w.l(fsqrt.o)
    0x08001c22   0x0000003c   Code   RO          364    .text               mf_w.l(frnd.o)
    0x08001c5e   0x000000b6   Code   RO          366    .text               mf_w.l(depilogue.o)
    0x08001d14   0x00000088   Code   RO          368    .text               mf_w.l(drnd.o)
    0x08001d9c   0x00000032   Code   RO          370    .text               mf_w.l(ffixi.o)
    0x08001dce   0x00000002   PAD
    0x08001dd0   0x00000028   Code   RO          372    .text               mf_w.l(cdcmple.o)
    0x08001df8   0x00000028   Code   RO          374    .text               mf_w.l(cdrcmple.o)
    0x08001e20   0x00000024   Code   RO          376    .text               mc_w.l(init.o)
    0x08001e44   0x00000012   Code   RO          378    .text               mf_w.l(fflti.o)
    0x08001e56   0x0000000a   Code   RO          380    .text               mf_w.l(ffltui.o)
    0x08001e60   0x0000005e   Code   RO          390    .text               mc_w.l(__dclz77c.o)
    0x08001ebe   0x00000026   Code   RO          323    i.__ARM_fpclassifyf  m_ws.l(fpclassifyf.o)
    0x08001ee4   0x0000000a   Code   RO          325    i.__mathlib_flt_underflow  m_ws.l(funder.o)
    0x08001eee   0x00000002   PAD
    0x08001ef0   0x00000158   Code   RO          327    i.__mathlib_rredf2  m_ws.l(rredf.o)
    0x08002048   0x0000000e   Code   RO          384    i.__scatterload_copy  mc_w.l(handlers.o)
    0x08002056   0x00000002   Code   RO          385    i.__scatterload_null  mc_w.l(handlers.o)
    0x08002058   0x0000000e   Code   RO          386    i.__scatterload_zeroinit  mc_w.l(handlers.o)
    0x08002066   0x00000002   PAD
    0x08002068   0x0000000c   Code   RO          352    i.__set_errno       mc_w.l(errno.o)
    0x08002074   0x00000120   Code   RO          253    i.acosf             m_ws.l(acosf.o)
    0x08002194   0x0000025c   Code   RO          261    i.atan2f            m_ws.l(atan2f.o)
    0x080023f0   0x00000184   Code   RO          269    i.cosf              m_ws.l(cosf.o)
    0x08002574   0x00000094   Code   RO          276    i.round             m_ws.l(round.o)
    0x08002608   0x0000018c   Code   RO          279    i.sinf              m_ws.l(sinf.o)
    0x08002794   0x0000002c   Code   RO          287    i.sqrtf             m_ws.l(sqrtf.o)
    0x080027c0   0x00000178   Code   RO          295    i.tanf              m_ws.l(tanf.o)
    0x08002938   0x00000010   Data   RO           12    .constdata          main.o
    0x08002948   0x00000010   Data   RO          144    .constdata          site.o
    0x08002958   0x00000020   Data   RO          328    .constdata          m_ws.l(rredf.o)
    0x08002978   0x00000020   Data   RO          382    Region$$Table       anon$$obj.o


    Execution Region ER_RW (Base: 0x20000000, Size: 0x0000032c, Max: 0xffffffff, ABSOLUTE, COMPRESSED[0x00000110])

    Base Addr    Size         Type   Attr      Idx    E Section Name        Object

    0x20000000   0x000002fc   Data   RW           13    .data               main.o
    0x200002fc   0x00000014   Data   RW           93    .data               usart1.o
    0x20000310   0x00000004   Data   RW          145    .data               site.o
    0x20000314   0x00000014   Data   RW          175    .data               stm32f10x_rcc.o
    0x20000328   0x00000004   Data   RW          353    .data               mc_w.l(errno.o)


    Execution Region ER_ZI (Base: 0x2000032c, Size: 0x00000254, Max: 0xffffffff, ABSOLUTE)

    Base Addr    Size         Type   Attr      Idx    E Section Name        Object

    0x2000032c   0x00000032   Zero   RW           92    .bss                usart1.o
    0x2000035e   0x00000022   Zero   RW          143    .bss                site.o
    0x20000380   0x00000200   Zero   RW            1    STACK               startup_stm32f10x_hd.o


==============================================================================

Image component sizes


      Code (inc. data)   RO Data    RW Data    ZI Data      Debug   Object Name

       808         44          0          0          0       1433   ikunc.o
       296         24         16        764          0     226434   main.o
       180          0          0          0          0       1870   message.o
       220         22          0          0          0       1977   misc.o
       328         20         16          4         34       2152   site.o
        48         12        304          0        512        956   startup_stm32f10x_hd.o
       816         18          0          0          0       5347   stm32f10x_gpio.o
        26          0          0          0          0       1302   stm32f10x_it.o
       928         36          0         20          0       9092   stm32f10x_rcc.o
       880         12          0          0          0       7959   stm32f10x_usart.o
       312         16          0          0          0       1405   system_stm32f10x.o
       560         38          0         20         50       4969   usart1.o

    ----------------------------------------------------------------------
      5404        242        368        808        596     264896   Object Totals
         0          0         32          0          0          0   (incl. Generated)
         2          0          0          0          0          0   (incl. Padding)

    ----------------------------------------------------------------------

      Code (inc. data)   RO Data    RW Data    ZI Data      Debug   Library Member Name

       288         40          0          0          0        120   acosf.o
       604         76          0          0          0        116   atan2f.o
       388         54          0          0          0        124   cosf.o
        38          0          0          0          0         68   fpclassifyf.o
        10          0          0          0          0         68   funder.o
       148         12          0          0          0         88   round.o
       344         18         32          0          0         88   rredf.o
       396         52          0          0          0        124   sinf.o
        44          0          0          0          0         80   sqrtf.o
       376         56          0          0          0        124   tanf.o
        94          0          0          0          0          0   __dclz77c.o
         0          0          0          0          0          0   entry.o
         0          0          0          0          0          0   entry10a.o
         0          0          0          0          0          0   entry11a.o
         8          4          0          0          0          0   entry2.o
         4          0          0          0          0          0   entry5.o
         0          0          0          0          0          0   entry7b.o
         0          0          0          0          0          0   entry8b.o
         8          4          0          0          0          0   entry9a.o
        12          6          0          4          0         68   errno.o
        30          0          0          0          0          0   handlers.o
        36          8          0          0          0         68   init.o
         0          0          0          0          0          0   iusefp.o
        30          0          0          0          0         68   llshl.o
        36          0          0          0          0         68   llsshr.o
        32          0          0          0          0         68   llushr.o
        36          0          0          0          0        108   memseta.o
        40          2          0          0          0         68   cdcmple.o
        40          2          0          0          0         68   cdrcmple.o
        56          0          0          0          0         88   d2f.o
       334          0          0          0          0        148   dadd.o
       222          0          0          0          0        100   ddiv.o
       182          0          0          0          0        176   depilogue.o
        62          0          0          0          0         80   dfixi.o
       136          4          0          0          0         92   drnd.o
        38          0          0          0          0         68   f2d.o
       176          0          0          0          0        140   fadd.o
       124          0          0          0          0         88   fdiv.o
       110          0          0          0          0        168   fepilogue.o
        50          0          0          0          0         68   ffixi.o
        18          0          0          0          0         68   fflti.o
        10          0          0          0          0         68   ffltui.o
       100          0          0          0          0         76   fmul.o
        60          0          0          0          0         76   frnd.o
        24          0          0          0          0         68   fscalb.o
        94          0          0          0          0         96   fsqrt.o

    ----------------------------------------------------------------------
      4844        338         32          4          0       3252   Library Totals
         6          0          0          0          0          0   (incl. Padding)

    ----------------------------------------------------------------------

      Code (inc. data)   RO Data    RW Data    ZI Data      Debug   Library Name

      2636        308         32          0          0       1000   m_ws.l
       326         22          0          4          0        448   mc_w.l
      1876          8          0          0          0       1804   mf_w.l

    ----------------------------------------------------------------------
      4844        338         32          4          0       3252   Library Totals

    ----------------------------------------------------------------------

==============================================================================


      Code (inc. data)   RO Data    RW Data    ZI Data      Debug   

     10248        580        400        812        596     265936   Grand Totals
     10248        580        400        272        596     265936   ELF Image Totals (compressed)
     10248        580        400        272          0          0   ROM Totals

==============================================================================

    Total RO  Size (Code + RO Data)                10648 (  10.40kB)
    Total RW  Size (RW Data + ZI Data)              1408 (   1.38kB)
    Total ROM Size (Code + RO Data + RW Data)      10920 (  10.66kB)

==============================================================================

