<html>
<body>
<pre>
<h1>礦ision Build Log</h1>
<h2>Tool Versions:</h2>
IDE-Version: μVision V5.20.0.39
Copyright (C) 2016 ARM Ltd and ARM Germany GmbH. All rights reserved.
License Information: 1 Administrator, 1, LIC=TIVRA-1XM5R-HLACL-0FLDE-16VJX-VFQUN
 
Tool Versions:
Toolchain:       MDK-ARM Plus  Version: 5.11.0.0
Toolchain Path:  D:\Keil_v5\ARM\ARMCC\Bin
C Compiler:      Armcc.exe V5.04 update 1 (build 49)
Assembler:       Armasm.exe V5.04 update 1 (build 49)
Linker/Locator:  ArmLink.exe V5.04 update 1 (build 49)
Library Manager: ArmAr.exe V5.04 update 1 (build 49)
Hex Converter:   FromElf.exe V5.04 update 1 (build 49)
CPU DLL:         SARMCM3.DLL V5.11.0.0
Dialog DLL:      DARMSTM.DLL V1.65.0.0
Target DLL:      STLink\ST-LINKIII-KEIL_SWO.dll V2.0.6.0_KEIL
Dialog DLL:      TARMSTM.DLL V1.64.0.0
 
<h2>Project:</h2>
E:\NC UI\资料\STM32F1.4\STM32F103C8T6--最小系统(客户资料）-1507\STM32F103C8T6例程\基本例程-USART收发\通过USART1 收发数据\USER\STM32-DEMO.uvprojx
Project File Date:  10/23/2023

<h2>Output:</h2>
*** Using Compiler 'V5.04 update 1 (build 49)', folder: 'D:\Keil_v5\ARM\ARMCC\Bin'
Rebuild target 'USART1-DEMO'
assembling startup_stm32f10x_hd.s...
compiling main.c...
compiling stm32f10x_it.c...
compiling usart1.c...
compiling message.c...
compiling ikunc.c...
compiling Site.c...
compiling stm32f10x_gpio.c...
compiling stm32f10x_rcc.c...
compiling stm32f10x_usart.c...
compiling misc.c...
compiling stm32f10x_sdio.c...
compiling core_cm3.c...
compiling system_stm32f10x.c...
linking...
Program Size: Code=10248 RO-data=400 RW-data=812 ZI-data=596  
FromELF: creating hex file...
".\STM32-DEMO.axf" - 0 Error(s), 0 Warning(s).

<h2>Software Packages used:</h2>

Package Vendor: ARM
                http://www.keil.com/pack/ARM.CMSIS.4.1.0.pack
                ARM::CMSIS:CORE:3.30.0
                CMSIS (Cortex Microcontroller Software Interface Standard)
   * Component: CORE Version: 3.30.0

<h2>Collection of Component include folders:</h2>
  E:\NC UI\资料\STM32F1.4\STM32F103C8T6--最小系统(客户资料）-1507\STM32F103C8T6例程\基本例程-USART收发\通过USART1 收发数据\USER\RTE
  D:\Keil_v5\ARM\PACK\ARM\CMSIS\4.1.0\CMSIS\Include
  D:\Keil_v5\ARM\PACK\Keil\STM32F1xx_DFP\1.0.2\Device\Include

<h2>Collection of Component Files used:</h2>

   * Component: ARM::CMSIS:CORE:3.30.0
      Source file:   CMSIS\UserCodeTemplates\ARM\ITM_Retarget.c
Build Time Elapsed:  00:00:02
</pre>
</body>
</html>
